/Users/mikedemott/.codex/worktrees/hermes-update-20260902-bot-integration-sparse
